// Jest Snapshot v1, https://goo.gl/fbAQLP

exports[`Header renders correctly 1`] = `
<header>
  <div
    class="container"
  >
    <div
      class="logo"
    />
     
    <comparebutton />
     
    <favouritebutton />
     
    <loginbutton />
  </div>
</header>
`;
